// Jest Snapshot v1, https://goo.gl/fbAQLP

exports[`PageLayout should match snapshot 1`] = `
<styled.div>
  <div
    className="sc-bdVaJa kLZEci"
  />
</styled.div>
`;
